// Jest Snapshot v1, https://goo.gl/fbAQLP

exports[`Deployment Helpers getLatestEnvironmentStatusesForRef returns statuses grouped by env 1`] = `
Object {
  "development": Object {
    "created_at": "2020-08-07T22:24:20Z",
    "creator": Object {
      "avatar_url": "https://avatars1.githubusercontent.com/u/21046727?v=4",
      "events_url": "https://api.github.com/users/patricksimonian/events{/privacy}",
      "followers_url": "https://api.github.com/users/patricksimonian/followers",
      "following_url": "https://api.github.com/users/patricksimonian/following{/other_user}",
      "gists_url": "https://api.github.com/users/patricksimonian/gists{/gist_id}",
      "gravatar_id": "",
      "html_url": "https://github.com/patricksimonian",
      "id": 3434,
      "login": "patricksimonian",
      "node_id": "MDQ6VXNlcjIxMDQ2NzI3",
      "organizations_url": "https://api.github.com/users/patricksimonian/orgs",
      "received_events_url": "https://api.github.com/users/patricksimonian/received_events",
      "repos_url": "https://api.github.com/users/patricksimonian/repos",
      "site_admin": false,
      "starred_url": "https://api.github.com/users/patricksimonian/starred{/owner}{/repo}",
      "subscriptions_url": "https://api.github.com/users/patricksimonian/subscriptions",
      "type": "User",
      "url": "https://api.github.com/users/patricksimonian",
    },
    "deployment_url": "https://api.github.com/repos/bcgov/devhub-app-web/deployments/3434",
    "description": "",
    "environment": "production",
    "id": 1312,
    "node_id": "MDE2OkRlcGxveW1lbnRTdGF0dXMzNjMzOTA1MzQ=",
    "performed_via_github_app": null,
    "repository_url": "https://api.github.com/repos/bcgov/devhub-app-web",
    "state": "success",
    "target_url": "",
    "updated_at": "2020-08-07T22:24:20Z",
    "url": "https://api.github.com/repos/bcgov/devhub-app-web/deployments/123/statuses/23434",
  },
  "staging": Object {
    "created_at": "2020-08-07T22:24:20Z",
    "creator": Object {
      "avatar_url": "https://avatars1.githubusercontent.com/u/21046727?v=4",
      "events_url": "https://api.github.com/users/patricksimonian/events{/privacy}",
      "followers_url": "https://api.github.com/users/patricksimonian/followers",
      "following_url": "https://api.github.com/users/patricksimonian/following{/other_user}",
      "gists_url": "https://api.github.com/users/patricksimonian/gists{/gist_id}",
      "gravatar_id": "",
      "html_url": "https://github.com/patricksimonian",
      "id": 3434,
      "login": "patricksimonian",
      "node_id": "MDQ6VXNlcjIxMDQ2NzI3",
      "organizations_url": "https://api.github.com/users/patricksimonian/orgs",
      "received_events_url": "https://api.github.com/users/patricksimonian/received_events",
      "repos_url": "https://api.github.com/users/patricksimonian/repos",
      "site_admin": false,
      "starred_url": "https://api.github.com/users/patricksimonian/starred{/owner}{/repo}",
      "subscriptions_url": "https://api.github.com/users/patricksimonian/subscriptions",
      "type": "User",
      "url": "https://api.github.com/users/patricksimonian",
    },
    "deployment_url": "https://api.github.com/repos/bcgov/devhub-app-web/deployments/3434",
    "description": "",
    "environment": "production",
    "id": 1312,
    "node_id": "MDE2OkRlcGxveW1lbnRTdGF0dXMzNjMzOTA1MzQ=",
    "performed_via_github_app": null,
    "repository_url": "https://api.github.com/repos/bcgov/devhub-app-web",
    "state": "success",
    "target_url": "",
    "updated_at": "2020-08-07T22:24:20Z",
    "url": "https://api.github.com/repos/bcgov/devhub-app-web/deployments/123/statuses/23434",
  },
}
`;

exports[`Deployment Helpers isTherePendingDeploymentForEnvironment returns true when there is a pending deployent 1`] = `
Array [
  Object {
    "node": Object {
      "latestStatus": "PENDING",
      "ref": Object {
        "name": "foo",
      },
    },
  },
]
`;
